================================================================================
Rule No. 322 : psubstrate_StampErrorFloat

Real Error Count : 1; Flat Error Count : 1
================================================================================

--------------------------------------------------------------------------------
Cell Name : Adder layout Analog90

                   Cell Errors    Real Errors   Cell Placements     Environments
                             1              1                 1                1
--------------------------------------------------------------------------------
Env.  Env. Placements            X1           Y1          X2           Y2

  1        1                  1.200        0.000      10.900       10.320

Shape               Environments Status & Error Marker 

          1           X1         Y1         X2         Y2

   1      X        1.200      0.000     10.900     10.320

================================================================================
Rule No. 329 : nwell_conn_StampErrorMult

Real Error Count : 1; Flat Error Count : 1
================================================================================

--------------------------------------------------------------------------------
Cell Name : Adder layout Analog90

                   Cell Errors    Real Errors   Cell Placements     Environments
                             1              1                 1                1
--------------------------------------------------------------------------------
Env.  Env. Placements            X1           Y1          X2           Y2

  1        1                  1.200        4.090       4.590        6.210

Shape               Environments Status & Error Marker 

          1           X1         Y1         X2         Y2

   1      X        1.200      4.090      4.590      6.210

================================================================================
Rule No. 330 : nwell_conn_StampErrorConnect

Real Error Count : 2; Flat Error Count : 2
================================================================================

--------------------------------------------------------------------------------
Cell Name : Adder layout Analog90

                   Cell Errors    Real Errors   Cell Placements     Environments
                             2              2                 1                1
--------------------------------------------------------------------------------
Env.  Env. Placements            X1           Y1          X2           Y2

  1        1                  1.530        4.970       1.790        5.990

Shape               Environments Status & Error Marker 

          1           X1         Y1         X2         Y2

   1      X        1.530      4.970      1.790      5.210
   2      X        1.530      5.750      1.790      5.990

================================================================================
Rule No. 437 : POLY.A.1: Poly area must be >= 0.1 um

Real Error Count : 31; Flat Error Count : 31
================================================================================

--------------------------------------------------------------------------------
Cell Name : Adder layout Analog90

                   Cell Errors    Real Errors   Cell Placements     Environments
                            31             31                 1                1
--------------------------------------------------------------------------------
Env.  Env. Placements            X1           Y1          X2           Y2

  1        1                  2.130        0.000      10.900       10.320

Shape               Environments Status & Error Marker 

          1           X1         Y1         X2         Y2

   1      X        2.130      4.850      2.230      5.330
   2      X        2.130      5.630      2.230      6.110
   3      X        2.670      4.850      2.770      5.330
   4      X        2.670      5.630      2.770      6.110
   5      X        3.160     10.220      3.260     10.320
   6      X        3.180      1.040      3.660      1.140
   7      X        3.180      1.580      3.660      1.680
   8      X        3.180      1.800      3.660      1.900
   9      X        3.180      2.020      3.660      2.120
  10      X        3.210      4.140      3.310      4.620
  11      X        3.210      4.850      3.310      5.330
  12      X        3.210      5.630      3.310      6.110
  13      X        3.430      4.140      3.530      4.620
  14      X        3.430      4.850      3.530      5.330
  15      X        3.650      4.850      3.750      5.330
  16      X        3.750      5.630      3.850      6.110
  17      X        3.870      0.720      4.350      0.820
  18      X        3.870      1.260      4.350      1.360
  19      X        3.870      1.800      4.350      1.900
  20      X        3.870      2.340      4.350      2.440
  21      X        3.870      2.880      4.350      2.980
  22      X        3.970      4.140      4.070      4.620
  23      X        4.520      1.420      5.000      1.520
  24      X        4.520      1.640      5.000      1.740
  25      X        4.520      2.180      5.000      2.280
  26      X        4.680     10.220      4.780     10.320
  27      X        5.100      0.000      5.200      0.100
  28      X        5.780     10.220      5.880     10.320
  29      X        7.030     10.220      7.130     10.320
  30      X        8.520      3.340      8.620      3.440
  31      X       10.800      6.870     10.900      6.970

================================================================================
Rule No. 451 : NIMP.SP.1: Nimp to Nimp spacing must be >= 0.24 um

Real Error Count : 2; Flat Error Count : 2
================================================================================

--------------------------------------------------------------------------------
Cell Name : Adder layout Analog90

                   Cell Errors    Real Errors   Cell Placements     Environments
                             2              2                 1                1
--------------------------------------------------------------------------------
Env.  Env. Placements            X1           Y1          X2           Y2

  1        1                  3.680        0.391       4.500        2.961

Shape               Environments Status & Error Marker 

          1           X1         Y1         X2         Y2

   1      X        3.680      0.391      3.850      2.770
   2      X        4.370      0.738      4.500      2.961

================================================================================
Rule No. 468 : PIMP.SP.1: Pimp to Pimp spacing must be >= 0.24 um

Real Error Count : 1; Flat Error Count : 1
================================================================================

--------------------------------------------------------------------------------
Cell Name : Adder layout Analog90

                   Cell Errors    Real Errors   Cell Placements     Environments
                             1              1                 1                1
--------------------------------------------------------------------------------
Env.  Env. Placements            X1           Y1          X2           Y2

  1        1                  2.724        4.640       4.377        4.830

Shape               Environments Status & Error Marker 

          1           X1         Y1         X2         Y2

   1      X        2.724      4.640      4.377      4.830

================================================================================
Rule No. 637 : METAL1.A.1: Metal1 area must be >= 0.07 um

Real Error Count : 25; Flat Error Count : 25
================================================================================

--------------------------------------------------------------------------------
Cell Name : Adder layout Analog90

                   Cell Errors    Real Errors   Cell Placements     Environments
                            25             25                 1                1
--------------------------------------------------------------------------------
Env.  Env. Placements            X1           Y1          X2           Y2

  1        1                  2.390        0.440       7.120        5.990

Shape               Environments Status & Error Marker 

          1           X1         Y1         X2         Y2

   1      X        2.390      4.970      2.510      5.210
   2      X        2.390      5.750      2.510      5.990
   3      X        2.930      4.970      3.050      5.210
   4      X        2.930      5.750      3.050      5.990
   5      X        3.300      0.760      3.540      0.880
   6      X        3.300      1.300      3.540      1.420
   7      X        3.300      2.280      3.540      2.400
   8      X        3.470      5.750      3.590      5.990
   9      X        3.690      4.260      3.810      4.500
  10      X        3.910      4.970      4.030      5.210
  11      X        3.990      0.440      4.230      0.560
  12      X        3.990      0.980      4.230      1.100
  13      X        3.990      1.520      4.230      1.640
  14      X        3.990      2.060      4.230      2.180
  15      X        3.990      2.600      4.230      2.720
  16      X        3.990      3.140      4.230      3.260
  17      X        4.010      5.750      4.130      5.990
  18      X        4.230      4.260      4.350      4.500
  19      X        4.640      1.140      4.880      1.260
  20      X        4.640      1.900      4.880      2.020
  21      X        4.640      2.440      4.880      2.560
  22      X        6.630      1.890      6.750      2.130
  23      X        6.660      1.510      6.780      1.750
  24      X        6.970      5.080      7.090      5.320
  25      X        7.000      4.700      7.120      4.940

================================================================================
Rule No. 693 : LATCHUP.2: N+SD to Psub tap spacing must be <= 25.0 um

Real Error Count : 20; Flat Error Count : 20
================================================================================

--------------------------------------------------------------------------------
Cell Name : Adder layout Analog90

                   Cell Errors    Real Errors   Cell Placements     Environments
                            20             20                 1                1
--------------------------------------------------------------------------------
Env.  Env. Placements            X1           Y1          X2           Y2

  1        1                  3.300        0.380       7.720        4.940

Shape               Environments Status & Error Marker 

          1           X1         Y1         X2         Y2

   1      X        3.300      0.700      3.540      1.040
   2      X        3.300      1.140      3.540      1.580
   3      X        3.300      2.120      3.540      2.460
   4      X        3.360      1.680      3.480      1.800
   5      X        3.360      1.900      3.480      2.020
   6      X        3.990      0.380      4.230      0.720
   7      X        3.990      0.820      4.170      1.260
   8      X        3.990      1.360      4.230      1.800
   9      X        3.990      1.900      4.230      2.340
  10      X        3.990      2.440      4.230      2.880
  11      X        3.990      2.980      4.230      3.320
  12      X        4.170      0.920      4.230      1.160
  13      X        4.640      1.080      4.880      1.420
  14      X        4.640      1.740      4.880      2.180
  15      X        4.640      2.280      4.880      2.620
  16      X        4.700      1.520      4.820      1.640
  17      X        6.600      1.510      6.940      1.750
  18      X        6.940      4.700      7.280      4.940
  19      X        7.040      1.510      7.380      1.750
  20      X        7.380      4.700      7.720      4.940

