	DbIn: master = 3, inst = 29
# of net = 7 (0, 7, 0, 0), net length = 0
patOptAllPin: ***** Adjusting Buses
patOptAllPin: ***** Assigning ranges, 0
patOptAllPin: ***** Assigning ranges, 1
patOptAllPin: ***** Assigning unconnected pins.
patOptAllPin: ***** Mapping Buses to slots
Soft block Adder layout has 2 pins assigned.

Net length before Optimization = 123.36 

Net length after Optimization = 117.57 

Net length percentage improvement after Optimization = 4.69 

The pin optimizer ran successfully..

Clean up memory.
patSlot [2 pages] alloc 126 (24192 bytes), use 104 (19968 bytes)
patSlist [0 pages] alloc 0 (0 bytes), use 0 (0 bytes)
patNlist [0 pages] alloc 0 (0 bytes), use 0 (0 bytes)
patInst [1 pages] alloc 63 (4536 bytes), use 29 (2088 bytes)
patPinst [4 pages] alloc 252 (10080 bytes), use 203 (8120 bytes)
patPlist [1 pages] alloc 63 (1008 bytes), use 2 (32 bytes)
patCell [1 pages] alloc 15 (2160 bytes), use 3 (432 bytes)
patPointer [1 pages] alloc 1023 (8184 bytes), use 224 (1792 bytes)
char [1 pages] alloc 1023 (1023 bytes), use 416 (416 bytes)
