================================================================================
Rule No. 322 : psubstrate_StampErrorFloat

Real Error Count : 1; Flat Error Count : 1
================================================================================

--------------------------------------------------------------------------------
Cell Name : Xor layout Analog90

                   Cell Errors    Real Errors   Cell Placements     Environments
                             1              1                 1                1
--------------------------------------------------------------------------------
Env.  Env. Placements            X1           Y1          X2           Y2

  1        1                  0.000        0.000       5.000        6.990

Shape               Environments Status & Error Marker 

          1           X1         Y1         X2         Y2

   1      X        0.000      0.000      5.000      6.990

================================================================================
Rule No. 328 : nwell_conn_StampErrorFloat

Real Error Count : 6; Flat Error Count : 6
================================================================================

--------------------------------------------------------------------------------
Cell Name : Xor layout Analog90

                   Cell Errors    Real Errors   Cell Placements     Environments
                             6              6                 1                1
--------------------------------------------------------------------------------
Env.  Env. Placements            X1           Y1          X2           Y2

  1        1                  0.510        3.010       3.980        6.570

Shape               Environments Status & Error Marker 

          1           X1         Y1         X2         Y2

   1      X        0.510      3.020      1.830      3.740
   2      X        0.510      4.920      1.800      5.640
   3      X        0.510      5.860      1.790      6.560
   4      X        2.620      3.010      3.980      3.740
   5      X        2.620      4.950      3.980      5.640
   6      X        2.630      5.860      3.970      6.570

================================================================================
Rule No. 353 : NW.SP.2: Nwell to Nwell spacing (diferent potential) must be >= 1.2 um

Real Error Count : 3; Flat Error Count : 3
================================================================================

--------------------------------------------------------------------------------
Cell Name : Xor layout Analog90

                   Cell Errors    Real Errors   Cell Placements     Environments
                             3              3                 1                1
--------------------------------------------------------------------------------
Env.  Env. Placements            X1           Y1          X2           Y2

  1        1                  0.510        3.010       3.980        6.570

Shape               Environments Status & Error Marker 

          1           X1         Y1         X2         Y2

   1      X        0.510      3.740      1.830      4.920
   2      X        0.510      4.920      3.980      6.570
   3      X        1.830      3.010      2.620      3.740

================================================================================
Rule No. 428 : POLY.SP.3: Poly interconnect to Poly interconnect spacing must be >= 0.12 um

Real Error Count : 1; Flat Error Count : 1
================================================================================

--------------------------------------------------------------------------------
Cell Name : Xor layout Analog90

                   Cell Errors    Real Errors   Cell Placements     Environments
                             1              1                 1                1
--------------------------------------------------------------------------------
Env.  Env. Placements            X1           Y1          X2           Y2

  1        1                  3.210        3.910       3.410        3.980

Shape               Environments Status & Error Marker 

          1           X1         Y1         X2         Y2

   1      X        3.210      3.910      3.410      3.980

================================================================================
Rule No. 431 : POLY.SE.1_POLY.SE.2: Poly to Oxide spacing must be >= 0.1 um

Real Error Count : 34; Flat Error Count : 34
================================================================================

--------------------------------------------------------------------------------
Cell Name : Xor layout Analog90

                   Cell Errors    Real Errors   Cell Placements     Environments
                            34             34                 1                1
--------------------------------------------------------------------------------
Env.  Env. Placements            X1           Y1          X2           Y2

  1        1                  0.948        4.154       3.508        6.140

Shape               Environments Status & Error Marker 

          1           X1         Y1         X2         Y2

   1      X        0.948      5.110      1.102      5.150
   2      X        0.962      4.220      1.108      4.240
   3      X        0.962      6.060      1.108      6.080
   4      X        1.010      4.154      1.060      4.300
   5      X        1.010      4.220      1.170      4.300
   6      X        1.010      5.055      1.040      5.206
   7      X        1.010      5.994      1.060      6.140
   8      X        1.010      6.060      1.170      6.140
   9      X        1.150      4.220      1.310      4.300
  10      X        1.150      6.060      1.310      6.140
  11      X        1.212      4.220      1.358      4.240
  12      X        1.212      6.060      1.358      6.080
  13      X        1.219      5.110      1.332      5.150
  14      X        1.240      5.078      1.310      5.181
  15      X        1.260      4.154      1.310      4.300
  16      X        1.260      5.994      1.310      6.140
  17      X        3.112      4.220      3.258      4.240
  18      X        3.112      5.130      3.258      5.150
  19      X        3.112      6.060      3.258      6.080
  20      X        3.160      4.154      3.210      4.300
  21      X        3.160      4.220      3.320      4.300
  22      X        3.160      5.063      3.210      5.210
  23      X        3.160      5.130      3.320      5.210
  24      X        3.160      5.994      3.210      6.140
  25      X        3.160      6.060      3.320      6.140
  26      X        3.300      4.220      3.460      4.300
  27      X        3.300      5.130      3.460      5.210
  28      X        3.300      6.060      3.460      6.140
  29      X        3.362      4.220      3.508      4.240
  30      X        3.362      5.130      3.508      5.150
  31      X        3.362      6.060      3.508      6.080
  32      X        3.410      4.154      3.460      4.300
  33      X        3.410      5.063      3.460      5.210
  34      X        3.410      5.994      3.460      6.140

================================================================================
Rule No. 437 : POLY.A.1: Poly area must be >= 0.1 um

Real Error Count : 9; Flat Error Count : 9
================================================================================

--------------------------------------------------------------------------------
Cell Name : Xor layout Analog90

                   Cell Errors    Real Errors   Cell Placements     Environments
                             9              9                 1                1
--------------------------------------------------------------------------------
Env.  Env. Placements            X1           Y1          X2           Y2

  1        1                  1.040        0.700       3.410        6.440

Shape               Environments Status & Error Marker 

          1           X1         Y1         X2         Y2

   1      X        1.040      2.010      1.280      2.700
   2      X        1.040      4.870      1.240      5.510
   3      X        1.060      3.980      1.260      4.600
   4      X        1.060      5.820      1.260      6.440
   5      X        3.210      0.700      3.410      1.400
   6      X        3.210      2.010      3.410      2.710
   7      X        3.210      3.980      3.410      4.600
   8      X        3.210      4.890      3.410      5.510
   9      X        3.210      5.820      3.410      6.440

================================================================================
Rule No. 637 : METAL1.A.1: Metal1 area must be >= 0.07 um

Real Error Count : 10; Flat Error Count : 10
================================================================================

--------------------------------------------------------------------------------
Cell Name : Xor layout Analog90

                   Cell Errors    Real Errors   Cell Placements     Environments
                            10             10                 1                1
--------------------------------------------------------------------------------
Env.  Env. Placements            X1           Y1          X2           Y2

  1        1                  0.830        0.000       3.640        6.990

Shape               Environments Status & Error Marker 

          1           X1         Y1         X2         Y2

   1      X        0.830      6.080      0.950      6.320
   2      X        1.370      1.040      1.490      1.280
   3      X        1.370      4.240      1.490      4.480
   4      X        1.370      5.150      1.490      5.390
   5      X        2.390      0.000      2.610      0.220
   6      X        2.390      6.770      2.610      6.990
   7      X        2.980      1.040      3.100      1.280
   8      X        2.980      5.150      3.100      5.390
   9      X        3.520      4.240      3.640      4.480
  10      X        3.520      6.080      3.640      6.320

================================================================================
Rule No. 692 : LATCHUP.1: P+SD to NW tap spacing must be <= 25.0 um

Real Error Count : 12; Flat Error Count : 12
================================================================================

--------------------------------------------------------------------------------
Cell Name : Xor layout Analog90

                   Cell Errors    Real Errors   Cell Placements     Environments
                            12             12                 1                1
--------------------------------------------------------------------------------
Env.  Env. Placements            X1           Y1          X2           Y2

  1        1                  0.770        3.260       3.700        6.320

Shape               Environments Status & Error Marker 

          1           X1         Y1         X2         Y2

   1      X        0.770      3.260      1.110      3.500
   2      X        0.770      5.150      1.110      5.390
   3      X        0.770      6.080      1.110      6.320
   4      X        1.210      3.260      1.550      3.500
   5      X        1.210      5.150      1.550      5.390
   6      X        1.210      6.080      1.550      6.320
   7      X        2.920      3.260      3.260      3.500
   8      X        2.920      5.150      3.260      5.390
   9      X        2.920      6.080      3.260      6.320
  10      X        3.360      3.260      3.700      3.500
  11      X        3.360      5.150      3.700      5.390
  12      X        3.360      6.080      3.700      6.320

================================================================================
Rule No. 693 : LATCHUP.2: N+SD to Psub tap spacing must be <= 25.0 um

Real Error Count : 12; Flat Error Count : 12
================================================================================

--------------------------------------------------------------------------------
Cell Name : Xor layout Analog90

                   Cell Errors    Real Errors   Cell Placements     Environments
                            12             12                 1                1
--------------------------------------------------------------------------------
Env.  Env. Placements            X1           Y1          X2           Y2

  1        1                  0.770        1.040       3.700        4.480

Shape               Environments Status & Error Marker 

          1           X1         Y1         X2         Y2

   1      X        0.770      1.040      1.110      1.280
   2      X        0.770      2.130      1.110      2.370
   3      X        0.770      4.240      1.110      4.480
   4      X        1.210      1.040      1.550      1.280
   5      X        1.210      2.130      1.550      2.370
   6      X        1.210      4.240      1.550      4.480
   7      X        2.920      1.040      3.260      1.280
   8      X        2.920      2.130      3.260      2.370
   9      X        2.920      4.240      3.260      4.480
  10      X        3.360      1.040      3.700      1.280
  11      X        3.360      2.130      3.700      2.370
  12      X        3.360      4.240      3.700      4.480

